#
# There is insufficient memory for the Java Runtime Environment to continue.
# Native memory allocation (malloc) failed to allocate 9232 bytes for AllocateHeap
# Possible reasons:
#   The system is out of physical RAM or swap space
#   The process is running with CompressedOops enabled, and the Java Heap may be blocking the growth of the native heap
# Possible solutions:
#   Reduce memory load on the system
#   Increase physical memory or swap space
#   Check if swap backing store is full
#   Decrease Java heap size (-Xmx/-Xms)
#   Decrease number of Java threads
#
#  
# Java VM: Java HotSpot(TM) 64-Bit Server VM (17.0.12+8-LTS-286, mixed mode, sharing, tiered, compressed oops, compressed class ptrs, g1 gc, windows-amd64)
# No core dump will be written. Minidumps are not enabled by default on client versions of Windows
#

---------------  S U M M A R Y ------------

Command Line: CounterLoop

Host: Intel(R) Core(TM) i5-5250U CPU @ 1.60GHz, 4 cores, 3G,  Windows 10 , 64 bit Build 19041 (10.0.19041.5915)
Time: Mon Aug 24 11:05:44 2026 W. Central Africa Standard Time elapsed time: 66.052829 seconds (0d 0h 1m 6s)

---------------  T H R E A D  ---------------

Current thread (0x0000017c0ec80f40):  JavaThread "main" [_thread_in_Java, id=3772, stack(0x0000001c97b00000,0x0000001c97c00000)]

Stack: [0x0000001c97b00000,0x0000001c97c00000]
Native frames: (J=compiled Java code, j=interpreted, Vv=VM code, C=native code)
V  [jvm.dll+0x67a04a]
V  [jvm.dll+0x7da4ed]
V  [jvm.dll+0x7dbe33]
V  [jvm.dll+0x7dc4a3]
V  [jvm.dll+0x24508f]
V  [jvm.dll+0xa5e2b]
V  [jvm.dll+0x251fa9]
V  [jvm.dll+0x254a5c]
C  0x0000017c1f2f232b

Java frames: (J=compiled Java code, j=interpreted, Vv=VM code)
v  ~UncommonTrapBlob
J 150 c2 java.io.PrintStream.println(I)V java.base@17.0.12 (44 bytes) @ 0x0000017c1f84df24 [0x0000017c1f84ce20+0x0000000000001104]
J 157% c2 CounterLoop.main([Ljava/lang/String;)V (19 bytes) @ 0x0000017c1f851fec [0x0000017c1f851fa0+0x000000000000004c]
v  ~StubRoutines::call_stub

---------------  P R O C E S S  ---------------

Threads class SMR info:
_java_thread_list=0x0000017c711ebb20, length=12, elements={
0x0000017c0ec80f40, 0x0000017c0ed3fd90, 0x0000017c0ed42c20, 0x0000017c0ed56020,
0x0000017c0ed59b00, 0x0000017c0ed5a4c0, 0x0000017c0ed5ae80, 0x0000017c2be4e280,
0x0000017c2be56ba0, 0x0000017c2be630d0, 0x0000017c71158870, 0x0000017c7115f390
}

Java Threads: ( => current thread )
=>0x0000017c0ec80f40 JavaThread "main" [_thread_in_Java, id=3772, stack(0x0000001c97b00000,0x0000001c97c00000)]
  0x0000017c0ed3fd90 JavaThread "Reference Handler" daemon [_thread_blocked, id=3160, stack(0x0000001c98200000,0x0000001c98300000)]
  0x0000017c0ed42c20 JavaThread "Finalizer" daemon [_thread_blocked, id=12060, stack(0x0000001c98300000,0x0000001c98400000)]
  0x0000017c0ed56020 JavaThread "Signal Dispatcher" daemon [_thread_blocked, id=13212, stack(0x0000001c98400000,0x0000001c98500000)]
  0x0000017c0ed59b00 JavaThread "Attach Listener" daemon [_thread_blocked, id=11668, stack(0x0000001c98500000,0x0000001c98600000)]
  0x0000017c0ed5a4c0 JavaThread "Service Thread" daemon [_thread_blocked, id=4208, stack(0x0000001c98600000,0x0000001c98700000)]
  0x0000017c0ed5ae80 JavaThread "Monitor Deflation Thread" daemon [_thread_blocked, id=1920, stack(0x0000001c98700000,0x0000001c98800000)]
  0x0000017c2be4e280 JavaThread "C2 CompilerThread0" daemon [_thread_in_native, id=12380, stack(0x0000001c98800000,0x0000001c98900000)]
  0x0000017c2be56ba0 JavaThread "C1 CompilerThread0" daemon [_thread_in_native, id=12312, stack(0x0000001c98900000,0x0000001c98a00000)]
  0x0000017c2be630d0 JavaThread "Sweeper thread" daemon [_thread_blocked, id=12304, stack(0x0000001c98a00000,0x0000001c98b00000)]
  0x0000017c71158870 JavaThread "Notification Thread" daemon [_thread_blocked, id=2108, stack(0x0000001c98b00000,0x0000001c98c00000)]
  0x0000017c7115f390 JavaThread "Common-Cleaner" daemon [_thread_blocked, id=12184, stack(0x0000001c98d00000,0x0000001c98e00000)]

Other Threads:
  0x0000017c0ed3a8c0 VMThread "VM Thread" [stack: 0x0000001c98100000,0x0000001c98200000] [id=11484]
  0x0000017c0ecce770 WatcherThread [stack: 0x0000001c98c00000,0x0000001c98d00000] [id=12128]
  0x0000017c0ecbe160 GCTaskThread "GC Thread#0" [stack: 0x0000001c97c00000,0x0000001c97d00000] [id=8164]
  0x0000017c711f32d0 GCTaskThread "GC Thread#1" [stack: 0x0000001c98e00000,0x0000001c98f00000] [id=8956]
  0x0000017c0ecc6db0 ConcurrentGCThread "G1 Main Marker" [stack: 0x0000001c97d00000,0x0000001c97e00000] [id=5792]
  0x0000017c0ecc7f60 ConcurrentGCThread "G1 Conc#0" [stack: 0x0000001c97e00000,0x0000001c97f00000] [id=11400]
  0x0000017c0ed184b0 ConcurrentGCThread "G1 Refine#0" [stack: 0x0000001c97f00000,0x0000001c98000000] [id=7444]
  0x0000017c0ed18ee0 ConcurrentGCThread "G1 Service" [stack: 0x0000001c98000000,0x0000001c98100000] [id=11684]

Threads with active compile tasks:
C2 CompilerThread0    66091  159       4       sun.nio.cs.StreamEncoder::isOpen (13 bytes)
C1 CompilerThread0    66091  158   !   3       sun.nio.cs.StreamEncoder::flushBuffer (42 bytes)

VM state: not at safepoint (normal execution)

VM Mutex/Monitor currently owned by a thread: None

Heap address: 0x00000000c1800000, size: 1000 MB, Compressed Oops mode: 32-bit

CDS archive(s) mapped at: [0x0000017c2c000000-0x0000017c2cbd0000-0x0000017c2cbd0000), size 12386304, SharedBaseAddress: 0x0000017c2c000000, ArchiveRelocationMode: 1.
Compressed class space mapped at: 0x0000017c2d000000-0x0000017c6d000000, reserved size: 1073741824
Narrow klass base: 0x0000017c2c000000, Narrow klass shift: 0, Narrow klass range: 0x100000000

GC Precious Log:
 CPUs: 4 total, 4 available
 Memory: 3998M
 Large Page Support: Disabled
 NUMA Support: Disabled
 Compressed Oops: Enabled (32-bit)
 Heap Region Size: 1M
 Heap Min Capacity: 8M
 Heap Initial Capacity: 64M
 Heap Max Capacity: 1000M
 Pre-touch: Disabled
 Parallel Workers: 4
 Concurrent Workers: 1
 Concurrent Refinement Workers: 4
 Periodic GC: Disabled

Heap:
 garbage-first heap   total 65536K, used 38400K [0x00000000c1800000, 0x0000000100000000)
  region size 1024K, 38 young (38912K), 0 survivors (0K)
 Metaspace       used 199K, committed 448K, reserved 1114112K
  class space    used 5K, committed 128K, reserved 1048576K

Heap Regions: E=young(eden), S=young(survivor), O=old, HS=humongous(starts), HC=humongous(continues), CS=collection set, F=free, OA=open archive, CA=closed archive, TAMS=top-at-mark-start (previous, next)
|   0|0x00000000c1800000, 0x00000000c1880000, 0x00000000c1900000| 50%| O|  |TAMS 0x00000000c1800000, 0x00000000c1800000| Untracked 
|   1|0x00000000c1900000, 0x00000000c1900000, 0x00000000c1a00000|  0%| F|  |TAMS 0x00000000c1900000, 0x00000000c1900000| Untracked 
|   2|0x00000000c1a00000, 0x00000000c1a00000, 0x00000000c1b00000|  0%| F|  |TAMS 0x00000000c1a00000, 0x00000000c1a00000| Untracked 
|   3|0x00000000c1b00000, 0x00000000c1b00000, 0x00000000c1c00000|  0%| F|  |TAMS 0x00000000c1b00000, 0x00000000c1b00000| Untracked 
|   4|0x00000000c1c00000, 0x00000000c1c00000, 0x00000000c1d00000|  0%| F|  |TAMS 0x00000000c1c00000, 0x00000000c1c00000| Untracked 
|   5|0x00000000c1d00000, 0x00000000c1d00000, 0x00000000c1e00000|  0%| F|  |TAMS 0x00000000c1d00000, 0x00000000c1d00000| Untracked 
|   6|0x00000000c1e00000, 0x00000000c1e00000, 0x00000000c1f00000|  0%| F|  |TAMS 0x00000000c1e00000, 0x00000000c1e00000| Untracked 
|   7|0x00000000c1f00000, 0x00000000c1f00000, 0x00000000c2000000|  0%| F|  |TAMS 0x00000000c1f00000, 0x00000000c1f00000| Untracked 
|   8|0x00000000c2000000, 0x00000000c2000000, 0x00000000c2100000|  0%| F|  |TAMS 0x00000000c2000000, 0x00000000c2000000| Untracked 
|   9|0x00000000c2100000, 0x00000000c2100000, 0x00000000c2200000|  0%| F|  |TAMS 0x00000000c2100000, 0x00000000c2100000| Untracked 
|  10|0x00000000c2200000, 0x00000000c2200000, 0x00000000c2300000|  0%| F|  |TAMS 0x00000000c2200000, 0x00000000c2200000| Untracked 
|  11|0x00000000c2300000, 0x00000000c2300000, 0x00000000c2400000|  0%| F|  |TAMS 0x00000000c2300000, 0x00000000c2300000| Untracked 
|  12|0x00000000c2400000, 0x00000000c2400000, 0x00000000c2500000|  0%| F|  |TAMS 0x00000000c2400000, 0x00000000c2400000| Untracked 
|  13|0x00000000c2500000, 0x00000000c2500000, 0x00000000c2600000|  0%| F|  |TAMS 0x00000000c2500000, 0x00000000c2500000| Untracked 
|  14|0x00000000c2600000, 0x00000000c2600000, 0x00000000c2700000|  0%| F|  |TAMS 0x00000000c2600000, 0x00000000c2600000| Untracked 
|  15|0x00000000c2700000, 0x00000000c2700000, 0x00000000c2800000|  0%| F|  |TAMS 0x00000000c2700000, 0x00000000c2700000| Untracked 
|  16|0x00000000c2800000, 0x00000000c2800000, 0x00000000c2900000|  0%| F|  |TAMS 0x00000000c2800000, 0x00000000c2800000| Untracked 
|  17|0x00000000c2900000, 0x00000000c2900000, 0x00000000c2a00000|  0%| F|  |TAMS 0x00000000c2900000, 0x00000000c2900000| Untracked 
|  18|0x00000000c2a00000, 0x00000000c2a00000, 0x00000000c2b00000|  0%| F|  |TAMS 0x00000000c2a00000, 0x00000000c2a00000| Untracked 
|  19|0x00000000c2b00000, 0x00000000c2b00000, 0x00000000c2c00000|  0%| F|  |TAMS 0x00000000c2b00000, 0x00000000c2b00000| Untracked 
|  20|0x00000000c2c00000, 0x00000000c2c00000, 0x00000000c2d00000|  0%| F|  |TAMS 0x00000000c2c00000, 0x00000000c2c00000| Untracked 
|  21|0x00000000c2d00000, 0x00000000c2d00000, 0x00000000c2e00000|  0%| F|  |TAMS 0x00000000c2d00000, 0x00000000c2d00000| Untracked 
|  22|0x00000000c2e00000, 0x00000000c2e00000, 0x00000000c2f00000|  0%| F|  |TAMS 0x00000000c2e00000, 0x00000000c2e00000| Untracked 
|  23|0x00000000c2f00000, 0x00000000c2f00000, 0x00000000c3000000|  0%| F|  |TAMS 0x00000000c2f00000, 0x00000000c2f00000| Untracked 
|  24|0x00000000c3000000, 0x00000000c3000000, 0x00000000c3100000|  0%| F|  |TAMS 0x00000000c3000000, 0x00000000c3000000| Untracked 
|  25|0x00000000c3100000, 0x00000000c3100000, 0x00000000c3200000|  0%| F|  |TAMS 0x00000000c3100000, 0x00000000c3100000| Untracked 
|  26|0x00000000c3200000, 0x00000000c3300000, 0x00000000c3300000|100%| E|  |TAMS 0x00000000c3200000, 0x00000000c3200000| Complete 
|  27|0x00000000c3300000, 0x00000000c3400000, 0x00000000c3400000|100%| E|CS|TAMS 0x00000000c3300000, 0x00000000c3300000| Complete 
|  28|0x00000000c3400000, 0x00000000c3500000, 0x00000000c3500000|100%| E|CS|TAMS 0x00000000c3400000, 0x00000000c3400000| Complete 
|  29|0x00000000c3500000, 0x00000000c3600000, 0x00000000c3600000|100%| E|CS|TAMS 0x00000000c3500000, 0x00000000c3500000| Complete 
|  30|0x00000000c3600000, 0x00000000c3700000, 0x00000000c3700000|100%| E|CS|TAMS 0x00000000c3600000, 0x00000000c3600000| Complete 
|  31|0x00000000c3700000, 0x00000000c3800000, 0x00000000c3800000|100%| E|CS|TAMS 0x00000000c3700000, 0x00000000c3700000| Complete 
|  32|0x00000000c3800000, 0x00000000c3900000, 0x00000000c3900000|100%| E|CS|TAMS 0x00000000c3800000, 0x00000000c3800000| Complete 
|  33|0x00000000c3900000, 0x00000000c3a00000, 0x00000000c3a00000|100%| E|CS|TAMS 0x00000000c3900000, 0x00000000c3900000| Complete 
|  34|0x00000000c3a00000, 0x00000000c3b00000, 0x00000000c3b00000|100%| E|CS|TAMS 0x00000000c3a00000, 0x00000000c3a00000| Complete 
|  35|0x00000000c3b00000, 0x00000000c3c00000, 0x00000000c3c00000|100%| E|CS|TAMS 0x00000000c3b00000, 0x00000000c3b00000| Complete 
|  36|0x00000000c3c00000, 0x00000000c3d00000, 0x00000000c3d00000|100%| E|CS|TAMS 0x00000000c3c00000, 0x00000000c3c00000| Complete 
|  37|0x00000000c3d00000, 0x00000000c3e00000, 0x00000000c3e00000|100%| E|CS|TAMS 0x00000000c3d00000, 0x00000000c3d00000| Complete 
|  38|0x00000000c3e00000, 0x00000000c3f00000, 0x00000000c3f00000|100%| E|CS|TAMS 0x00000000c3e00000, 0x00000000c3e00000| Complete 
|  39|0x00000000c3f00000, 0x00000000c4000000, 0x00000000c4000000|100%| E|CS|TAMS 0x00000000c3f00000, 0x00000000c3f00000| Complete 
|  40|0x00000000c4000000, 0x00000000c4100000, 0x00000000c4100000|100%| E|CS|TAMS 0x00000000c4000000, 0x00000000c4000000| Complete 
|  41|0x00000000c4100000, 0x00000000c4200000, 0x00000000c4200000|100%| E|CS|TAMS 0x00000000c4100000, 0x00000000c4100000| Complete 
|  42|0x00000000c4200000, 0x00000000c4300000, 0x00000000c4300000|100%| E|CS|TAMS 0x00000000c4200000, 0x00000000c4200000| Complete 
|  43|0x00000000c4300000, 0x00000000c4400000, 0x00000000c4400000|100%| E|CS|TAMS 0x00000000c4300000, 0x00000000c4300000| Complete 
|  44|0x00000000c4400000, 0x00000000c4500000, 0x00000000c4500000|100%| E|CS|TAMS 0x00000000c4400000, 0x00000000c4400000| Complete 
|  45|0x00000000c4500000, 0x00000000c4600000, 0x00000000c4600000|100%| E|CS|TAMS 0x00000000c4500000, 0x00000000c4500000| Complete 
|  46|0x00000000c4600000, 0x00000000c4700000, 0x00000000c4700000|100%| E|CS|TAMS 0x00000000c4600000, 0x00000000c4600000| Complete 
|  47|0x00000000c4700000, 0x00000000c4800000, 0x00000000c4800000|100%| E|CS|TAMS 0x00000000c4700000, 0x00000000c4700000| Complete 
|  48|0x00000000c4800000, 0x00000000c4900000, 0x00000000c4900000|100%| E|CS|TAMS 0x00000000c4800000, 0x00000000c4800000| Complete 
|  49|0x00000000c4900000, 0x00000000c4a00000, 0x00000000c4a00000|100%| E|CS|TAMS 0x00000000c4900000, 0x00000000c4900000| Complete 
|  50|0x00000000c4a00000, 0x00000000c4b00000, 0x00000000c4b00000|100%| E|CS|TAMS 0x00000000c4a00000, 0x00000000c4a00000| Complete 
|  51|0x00000000c4b00000, 0x00000000c4c00000, 0x00000000c4c00000|100%| E|CS|TAMS 0x00000000c4b00000, 0x00000000c4b00000| Complete 
|  52|0x00000000c4c00000, 0x00000000c4d00000, 0x00000000c4d00000|100%| E|CS|TAMS 0x00000000c4c00000, 0x00000000c4c00000| Complete 
|  53|0x00000000c4d00000, 0x00000000c4e00000, 0x00000000c4e00000|100%| E|CS|TAMS 0x00000000c4d00000, 0x00000000c4d00000| Complete 
|  54|0x00000000c4e00000, 0x00000000c4f00000, 0x00000000c4f00000|100%| E|CS|TAMS 0x00000000c4e00000, 0x00000000c4e00000| Complete 
|  55|0x00000000c4f00000, 0x00000000c5000000, 0x00000000c5000000|100%| E|CS|TAMS 0x00000000c4f00000, 0x00000000c4f00000| Complete 
|  56|0x00000000c5000000, 0x00000000c5100000, 0x00000000c5100000|100%| E|CS|TAMS 0x00000000c5000000, 0x00000000c5000000| Complete 
|  57|0x00000000c5100000, 0x00000000c5200000, 0x00000000c5200000|100%| E|CS|TAMS 0x00000000c5100000, 0x00000000c5100000| Complete 
|  58|0x00000000c5200000, 0x00000000c5300000, 0x00000000c5300000|100%| E|CS|TAMS 0x00000000c5200000, 0x00000000c5200000| Complete 
|  59|0x00000000c5300000, 0x00000000c5400000, 0x00000000c5400000|100%| E|CS|TAMS 0x00000000c5300000, 0x00000000c5300000| Complete 
|  60|0x00000000c5400000, 0x00000000c5500000, 0x00000000c5500000|100%| E|CS|TAMS 0x00000000c5400000, 0x00000000c5400000| Complete 
|  61|0x00000000c5500000, 0x00000000c5600000, 0x00000000c5600000|100%| E|CS|TAMS 0x00000000c5500000, 0x00000000c5500000| Complete 
|  62|0x00000000c5600000, 0x00000000c5700000, 0x00000000c5700000|100%| E|CS|TAMS 0x00000000c5600000, 0x00000000c5600000| Complete 
|  63|0x00000000c5700000, 0x00000000c5800000, 0x00000000c5800000|100%| E|CS|TAMS 0x00000000c5700000, 0x00000000c5700000| Complete 

Card table byte_map: [0x0000017c275b0000,0x0000017c277b0000] _byte_map_base: 0x0000017c26fa4000

Marking Bits (Prev, Next): (CMBitMap*) 0x0000017c0ecbe780, (CMBitMap*) 0x0000017c0ecbe7c0
 Prev Bits: [0x0000017c279b0000, 0x0000017c28950000)
 Next Bits: [0x0000017c28950000, 0x0000017c298f0000)

Polling page: 0x0000017c0ead0000

Metaspace:

Usage:
  Non-class:    193.91 KB used.
      Class:      5.84 KB used.
       Both:    199.76 KB used.

Virtual space:
  Non-class space:       64.00 MB reserved,     320.00 KB ( <1%) committed,  1 nodes.
      Class space:        1.00 GB reserved,     128.00 KB ( <1%) committed,  1 nodes.
             Both:        1.06 GB reserved,     448.00 KB ( <1%) committed. 

Chunk freelists:
   Non-Class:  12.00 MB
       Class:  15.75 MB
        Both:  27.74 MB

MaxMetaspaceSize: unlimited
CompressedClassSpaceSize: 1.00 GB
Initial GC threshold: 21.00 MB
Current GC threshold: 21.00 MB
CDS: on
MetaspaceReclaimPolicy: balanced
 - commit_granule_bytes: 65536.
 - commit_granule_words: 8192.
 - virtual_space_node_default_size: 8388608.
 - enlarge_chunks_in_place: 1.
 - new_chunks_are_fully_committed: 0.
 - uncommit_free_chunks: 1.
 - use_allocation_guard: 0.
 - handle_deallocations: 1.


Internal statistics:

num_allocs_failed_limit: 0.
num_arena_births: 4.
num_arena_deaths: 0.
num_vsnodes_births: 2.
num_vsnodes_deaths: 0.
num_space_committed: 7.
num_space_uncommitted: 0.
num_chunks_returned_to_freelist: 0.
num_chunks_taken_from_freelist: 5.
num_chunk_merges: 0.
num_chunk_splits: 3.
num_chunks_enlarged: 0.
num_inconsistent_stats: 0.

CodeHeap 'non-profiled nmethods': size=120000Kb used=72Kb max_used=72Kb free=119927Kb
 bounds [0x0000017c1f840000, 0x0000017c1fab0000, 0x0000017c26d70000]
CodeHeap 'profiled nmethods': size=120000Kb used=210Kb max_used=210Kb free=119790Kb
 bounds [0x0000017c17d70000, 0x0000017c17fe0000, 0x0000017c1f2a0000]
CodeHeap 'non-nmethods': size=5760Kb used=1032Kb max_used=1069Kb free=4727Kb
 bounds [0x0000017c1f2a0000, 0x0000017c1f510000, 0x0000017c1f840000]
 total_blobs=444 nmethods=157 adapters=200
 compilation: enabled
              stopped_count=0, restarted_count=0
 full_count=0

Compilation events (20 events):
Event: 0.300 Thread 0x0000017c2be4e280  149   !   4       sun.nio.cs.StreamEncoder::flushBuffer (42 bytes)
Event: 0.315 Thread 0x0000017c2be4e280 nmethod 149 0x0000017c1f84ae10 code [0x0000017c1f84afe0, 0x0000017c1f84be48]
Event: 0.385 Thread 0x0000017c7123b560  150   !   4       java.io.PrintStream::println (44 bytes)
Event: 0.386 Thread 0x0000017c2be4e280  151       4       java.lang.Integer::toString (55 bytes)
Event: 0.389 Thread 0x0000017c2be4e280 nmethod 151 0x0000017c1f84c690 code [0x0000017c1f84c820, 0x0000017c1f84ca18]
Event: 0.389 Thread 0x0000017c2be4e280  152   !   4       java.io.PrintStream::writeln (81 bytes)
Event: 0.416 Thread 0x0000017c7123b560 nmethod 150 0x0000017c1f84cc10 code [0x0000017c1f84ce20, 0x0000017c1f84dfa8]
Event: 0.416 Thread 0x0000017c7123b560  153       4       java.nio.HeapCharBuffer::<init> (23 bytes)
Event: 0.417 Thread 0x0000017c2be4e280 nmethod 152 0x0000017c1f84ed10 code [0x0000017c1f84ef20, 0x0000017c1f850188]
Event: 0.417 Thread 0x0000017c2be4e280  154       4       java.nio.CharBuffer::<init> (24 bytes)
Event: 0.422 Thread 0x0000017c7123b560 nmethod 153 0x0000017c1f850e10 code [0x0000017c1f850fa0, 0x0000017c1f851358]
Event: 0.422 Thread 0x0000017c2be4e280 nmethod 154 0x0000017c1f851610 code [0x0000017c1f8517a0, 0x0000017c1f851b58]
Event: 1.041 Thread 0x0000017c2be56ba0  155 %     3       CounterLoop::main @ 2 (19 bytes)
Event: 1.041 Thread 0x0000017c2be56ba0 nmethod 155% 0x0000017c17da3e90 code [0x0000017c17da4040, 0x0000017c17da4268]
Event: 1.046 Thread 0x0000017c2be56ba0  156       3       CounterLoop::main (19 bytes)
Event: 1.046 Thread 0x0000017c2be56ba0 nmethod 156 0x0000017c17da4390 code [0x0000017c17da4540, 0x0000017c17da46c8]
Event: 1.297 Thread 0x0000017c2be4e280  157 %     4       CounterLoop::main @ 2 (19 bytes)
Event: 1.299 Thread 0x0000017c2be4e280 nmethod 157% 0x0000017c1f851e10 code [0x0000017c1f851fa0, 0x0000017c1f852068]
Event: 66.016 Thread 0x0000017c2be56ba0  158   !   3       sun.nio.cs.StreamEncoder::flushBuffer (42 bytes)
Event: 66.016 Thread 0x0000017c2be4e280  159       4       sun.nio.cs.StreamEncoder::isOpen (13 bytes)

GC Heap History (20 events):
Event: 33.085 GC heap before
{Heap before GC invocations=9 (full 0):
 garbage-first heap   total 65536K, used 38436K [0x00000000c1800000, 0x0000000100000000)
  region size 1024K, 38 young (38912K), 1 survivors (1024K)
 Metaspace       used 195K, committed 384K, reserved 1114112K
  class space    used 4K, committed 128K, reserved 1048576K
}
Event: 33.086 GC heap after
{Heap after GC invocations=10 (full 0):
 garbage-first heap   total 65536K, used 516K [0x00000000c1800000, 0x0000000100000000)
  region size 1024K, 1 young (1024K), 1 survivors (1024K)
 Metaspace       used 195K, committed 384K, reserved 1114112K
  class space    used 4K, committed 128K, reserved 1048576K
}
Event: 36.588 GC heap before
{Heap before GC invocations=10 (full 0):
 garbage-first heap   total 65536K, used 38404K [0x00000000c1800000, 0x0000000100000000)
  region size 1024K, 38 young (38912K), 1 survivors (1024K)
 Metaspace       used 195K, committed 384K, reserved 1114112K
  class space    used 4K, committed 128K, reserved 1048576K
}
Event: 36.590 GC heap after
{Heap after GC invocations=11 (full 0):
 garbage-first heap   total 65536K, used 563K [0x00000000c1800000, 0x0000000100000000)
  region size 1024K, 1 young (1024K), 1 survivors (1024K)
 Metaspace       used 195K, committed 384K, reserved 1114112K
  class space    used 4K, committed 128K, reserved 1048576K
}
Event: 39.413 GC heap before
{Heap before GC invocations=11 (full 0):
 garbage-first heap   total 65536K, used 38451K [0x00000000c1800000, 0x0000000100000000)
  region size 1024K, 38 young (38912K), 1 survivors (1024K)
 Metaspace       used 195K, committed 384K, reserved 1114112K
  class space    used 4K, committed 128K, reserved 1048576K
}
Event: 39.415 GC heap after
{Heap after GC invocations=12 (full 0):
 garbage-first heap   total 65536K, used 549K [0x00000000c1800000, 0x0000000100000000)
  region size 1024K, 1 young (1024K), 1 survivors (1024K)
 Metaspace       used 195K, committed 384K, reserved 1114112K
  class space    used 4K, committed 128K, reserved 1048576K
}
Event: 42.967 GC heap before
{Heap before GC invocations=12 (full 0):
 garbage-first heap   total 65536K, used 38437K [0x00000000c1800000, 0x0000000100000000)
  region size 1024K, 38 young (38912K), 1 survivors (1024K)
 Metaspace       used 195K, committed 384K, reserved 1114112K
  class space    used 4K, committed 128K, reserved 1048576K
}
Event: 42.969 GC heap after
{Heap after GC invocations=13 (full 0):
 garbage-first heap   total 65536K, used 556K [0x00000000c1800000, 0x0000000100000000)
  region size 1024K, 1 young (1024K), 1 survivors (1024K)
 Metaspace       used 195K, committed 384K, reserved 1114112K
  class space    used 4K, committed 128K, reserved 1048576K
}
Event: 47.315 GC heap before
{Heap before GC invocations=13 (full 0):
 garbage-first heap   total 65536K, used 38444K [0x00000000c1800000, 0x0000000100000000)
  region size 1024K, 38 young (38912K), 1 survivors (1024K)
 Metaspace       used 195K, committed 384K, reserved 1114112K
  class space    used 4K, committed 128K, reserved 1048576K
}
Event: 47.317 GC heap after
{Heap after GC invocations=14 (full 0):
 garbage-first heap   total 65536K, used 518K [0x00000000c1800000, 0x0000000100000000)
  region size 1024K, 1 young (1024K), 1 survivors (1024K)
 Metaspace       used 195K, committed 384K, reserved 1114112K
  class space    used 4K, committed 128K, reserved 1048576K
}
Event: 50.619 GC heap before
{Heap before GC invocations=14 (full 0):
 garbage-first heap   total 65536K, used 38406K [0x00000000c1800000, 0x0000000100000000)
  region size 1024K, 38 young (38912K), 1 survivors (1024K)
 Metaspace       used 195K, committed 384K, reserved 1114112K
  class space    used 4K, committed 128K, reserved 1048576K
}
Event: 50.621 GC heap after
{Heap after GC invocations=15 (full 0):
 garbage-first heap   total 65536K, used 518K [0x00000000c1800000, 0x0000000100000000)
  region size 1024K, 1 young (1024K), 1 survivors (1024K)
 Metaspace       used 195K, committed 384K, reserved 1114112K
  class space    used 4K, committed 128K, reserved 1048576K
}
Event: 53.498 GC heap before
{Heap before GC invocations=15 (full 0):
 garbage-first heap   total 65536K, used 38406K [0x00000000c1800000, 0x0000000100000000)
  region size 1024K, 38 young (38912K), 1 survivors (1024K)
 Metaspace       used 195K, committed 384K, reserved 1114112K
  class space    used 4K, committed 128K, reserved 1048576K
}
Event: 53.500 GC heap after
{Heap after GC invocations=16 (full 0):
 garbage-first heap   total 65536K, used 512K [0x00000000c1800000, 0x0000000100000000)
  region size 1024K, 0 young (0K), 0 survivors (0K)
 Metaspace       used 195K, committed 384K, reserved 1114112K
  class space    used 4K, committed 128K, reserved 1048576K
}
Event: 56.578 GC heap before
{Heap before GC invocations=16 (full 0):
 garbage-first heap   total 65536K, used 39424K [0x00000000c1800000, 0x0000000100000000)
  region size 1024K, 38 young (38912K), 0 survivors (0K)
 Metaspace       used 195K, committed 384K, reserved 1114112K
  class space    used 4K, committed 128K, reserved 1048576K
}
Event: 56.578 GC heap after
{Heap after GC invocations=17 (full 0):
 garbage-first heap   total 65536K, used 512K [0x00000000c1800000, 0x0000000100000000)
  region size 1024K, 0 young (0K), 0 survivors (0K)
 Metaspace       used 195K, committed 384K, reserved 1114112K
  class space    used 4K, committed 128K, reserved 1048576K
}
Event: 60.274 GC heap before
{Heap before GC invocations=17 (full 0):
 garbage-first heap   total 65536K, used 39424K [0x00000000c1800000, 0x0000000100000000)
  region size 1024K, 38 young (38912K), 0 survivors (0K)
 Metaspace       used 195K, committed 384K, reserved 1114112K
  class space    used 4K, committed 128K, reserved 1048576K
}
Event: 60.275 GC heap after
{Heap after GC invocations=18 (full 0):
 garbage-first heap   total 65536K, used 512K [0x00000000c1800000, 0x0000000100000000)
  region size 1024K, 0 young (0K), 0 survivors (0K)
 Metaspace       used 195K, committed 384K, reserved 1114112K
  class space    used 4K, committed 128K, reserved 1048576K
}
Event: 63.184 GC heap before
{Heap before GC invocations=18 (full 0):
 garbage-first heap   total 65536K, used 39424K [0x00000000c1800000, 0x0000000100000000)
  region size 1024K, 38 young (38912K), 0 survivors (0K)
 Metaspace       used 195K, committed 384K, reserved 1114112K
  class space    used 4K, committed 128K, reserved 1048576K
}
Event: 63.184 GC heap after
{Heap after GC invocations=19 (full 0):
 garbage-first heap   total 65536K, used 512K [0x00000000c1800000, 0x0000000100000000)
  region size 1024K, 0 young (0K), 0 survivors (0K)
 Metaspace       used 195K, committed 384K, reserved 1114112K
  class space    used 4K, committed 128K, reserved 1048576K
}

Deoptimization events (9 events):
Event: 1.299 Thread 0x0000017c0ec80f40 DEOPT PACKING pc=0x0000017c17da41c0 sp=0x0000001c97bff820
Event: 1.299 Thread 0x0000017c0ec80f40 DEOPT UNPACKING pc=0x0000017c1f2f2b43 sp=0x0000001c97bfece0 mode 0
Event: 66.011 Thread 0x0000017c0ec80f40 Uncommon trap: trap_request=0xffffffb5 fr.pc=0x0000017c1f84bd24 relative=0x0000000000000d44
Event: 66.011 Thread 0x0000017c0ec80f40 Uncommon trap: reason=unloaded action=reinterpret pc=0x0000017c1f84bd24 method=java.io.PrintStream.write([BII)V @ 61 c2
Event: 66.012 Thread 0x0000017c0ec80f40 DEOPT PACKING pc=0x0000017c1f84bd24 sp=0x0000001c97bff6f0
Event: 66.013 Thread 0x0000017c0ec80f40 DEOPT UNPACKING pc=0x0000017c1f2f23a3 sp=0x0000001c97bff580 mode 2
Event: 66.021 Thread 0x0000017c0ec80f40 Uncommon trap: trap_request=0xffffffb5 fr.pc=0x0000017c1f84df24 relative=0x0000000000001104
Event: 66.021 Thread 0x0000017c0ec80f40 Uncommon trap: reason=unloaded action=reinterpret pc=0x0000017c1f84df24 method=java.io.PrintStream.writeln(Ljava/lang/String;)V @ 74 c2
Event: 66.021 Thread 0x0000017c0ec80f40 DEOPT PACKING pc=0x0000017c1f84df24 sp=0x0000001c97bff7a0

Classes unloaded (0 events):
No events

Classes redefined (0 events):
No events

Internal exceptions (4 events):
Event: 66.008 Thread 0x0000017c0ec80f40 Exception <a 'java/io/IOException'{0x00000000c32704c8}: Write error> (0x00000000c32704c8) 
thrown [s\open\src\hotspot\share\prims\jni.cpp, line 535]
Event: 66.020 Thread 0x0000017c0ec80f40 Exception <a 'java/io/IOException'{0x00000000c3288480}: Write error> (0x00000000c3288480) 
thrown [s\open\src\hotspot\share\prims\jni.cpp, line 535]
Event: 66.020 Thread 0x0000017c0ec80f40 Exception <a 'java/io/IOException'{0x00000000c3289b88}: Write error> (0x00000000c3289b88) 
thrown [s\open\src\hotspot\share\prims\jni.cpp, line 535]
Event: 66.021 Thread 0x0000017c0ec80f40 Exception <a 'java/io/IOException'{0x00000000c3289e90}: Write error> (0x00000000c3289e90) 
thrown [s\open\src\hotspot\share\prims\jni.cpp, line 535]

VM Operations (20 events):
Event: 36.588 Executing VM operation: G1CollectForAllocation
Event: 36.590 Executing VM operation: G1CollectForAllocation done
Event: 39.413 Executing VM operation: G1CollectForAllocation
Event: 39.415 Executing VM operation: G1CollectForAllocation done
Event: 42.967 Executing VM operation: G1CollectForAllocation
Event: 42.969 Executing VM operation: G1CollectForAllocation done
Event: 47.315 Executing VM operation: G1CollectForAllocation
Event: 47.317 Executing VM operation: G1CollectForAllocation done
Event: 50.619 Executing VM operation: G1CollectForAllocation
Event: 50.621 Executing VM operation: G1CollectForAllocation done
Event: 53.498 Executing VM operation: G1CollectForAllocation
Event: 53.500 Executing VM operation: G1CollectForAllocation done
Event: 56.578 Executing VM operation: G1CollectForAllocation
Event: 56.578 Executing VM operation: G1CollectForAllocation done
Event: 60.057 Executing VM operation: HandshakeAllThreads
Event: 60.057 Executing VM operation: HandshakeAllThreads done
Event: 60.274 Executing VM operation: G1CollectForAllocation
Event: 60.276 Executing VM operation: G1CollectForAllocation done
Event: 63.184 Executing VM operation: G1CollectForAllocation
Event: 63.184 Executing VM operation: G1CollectForAllocation done

Events (20 events):
Event: 0.048 Thread 0x0000017c0ed59b00 Thread added: 0x0000017c0ed59b00
Event: 0.048 Thread 0x0000017c0ed5a4c0 Thread added: 0x0000017c0ed5a4c0
Event: 0.048 Thread 0x0000017c0ed5ae80 Thread added: 0x0000017c0ed5ae80
Event: 0.048 Thread 0x0000017c2be4e280 Thread added: 0x0000017c2be4e280
Event: 0.048 Thread 0x0000017c2be56ba0 Thread added: 0x0000017c2be56ba0
Event: 0.049 Thread 0x0000017c2be630d0 Thread added: 0x0000017c2be630d0
Event: 0.072 Thread 0x0000017c71158870 Thread added: 0x0000017c71158870
Event: 0.073 loading class jdk/internal/loader/URLClassPath$FileLoader
Event: 0.073 loading class jdk/internal/loader/URLClassPath$FileLoader done
Event: 0.074 loading class jdk/internal/loader/URLClassPath$FileLoader$1
Event: 0.074 loading class jdk/internal/loader/URLClassPath$FileLoader$1 done
Event: 0.075 Thread 0x0000017c7115f390 Thread added: 0x0000017c7115f390
Event: 0.282 loading class jdk/internal/access/foreign/MemorySegmentProxy
Event: 0.283 loading class jdk/internal/access/foreign/MemorySegmentProxy done
Event: 0.291 Thread 0x0000017c7123b560 Thread added: 0x0000017c7123b560
Event: 1.041 Thread 0x0000017c7123b560 Thread exited: 0x0000017c7123b560
Event: 65.997 loading class java/io/IOException
Event: 66.003 loading class java/io/IOException done
Event: 66.009 loading class java/io/InterruptedIOException
Event: 66.011 loading class java/io/InterruptedIOException done


Dynamic libraries:
0x00007ff652ec0000 - 0x00007ff652ed0000 	C:\Program Files\Java\jdk-17\bin\java.exe
0x00007ff89e210000 - 0x00007ff89e408000 	C:\Windows\SYSTEM32\ntdll.dll
0x00007ff89c4d0000 - 0x00007ff89c592000 	C:\Windows\System32\KERNEL32.DLL
0x00007ff89bee0000 - 0x00007ff89c1d6000 	C:\Windows\System32\KERNELBASE.dll
0x00007ff89bb50000 - 0x00007ff89bc50000 	C:\Windows\System32\ucrtbase.dll
0x00007ff888460000 - 0x00007ff88847b000 	C:\Program Files\Java\jdk-17\bin\VCRUNTIME140.dll
0x00007ff895550000 - 0x00007ff895569000 	C:\Program Files\Java\jdk-17\bin\jli.dll
0x00007ff89d5d0000 - 0x00007ff89d681000 	C:\Windows\System32\ADVAPI32.dll
0x00007ff89d520000 - 0x00007ff89d5be000 	C:\Windows\System32\msvcrt.dll
0x00007ff89d420000 - 0x00007ff89d4bf000 	C:\Windows\System32\sechost.dll
0x00007ff89c720000 - 0x00007ff89c840000 	C:\Windows\System32\RPCRT4.dll
0x00007ff89bc50000 - 0x00007ff89bc77000 	C:\Windows\System32\bcrypt.dll
0x00007ff89d6a0000 - 0x00007ff89d841000 	C:\Windows\System32\USER32.dll
0x00007ff89bd90000 - 0x00007ff89bdb2000 	C:\Windows\System32\win32u.dll
0x00007ff88b5b0000 - 0x00007ff88b84b000 	C:\Windows\WinSxS\amd64_microsoft.windows.common-controls_6595b64144ccf1df_6.0.19041.6456_none_60b8a6cb71f64256\COMCTL32.dll
0x00007ff89c230000 - 0x00007ff89c25b000 	C:\Windows\System32\GDI32.dll
0x00007ff89bdc0000 - 0x00007ff89bed9000 	C:\Windows\System32\gdi32full.dll
0x00007ff89bab0000 - 0x00007ff89bb4d000 	C:\Windows\System32\msvcp_win.dll
0x00007ff88c9a0000 - 0x00007ff88c9aa000 	C:\Windows\SYSTEM32\VERSION.dll
0x00007ff89c260000 - 0x00007ff89c28f000 	C:\Windows\System32\IMM32.DLL
0x00007ff896990000 - 0x00007ff89699c000 	C:\Program Files\Java\jdk-17\bin\vcruntime140_1.dll
0x00007ff879f90000 - 0x00007ff87a01e000 	C:\Program Files\Java\jdk-17\bin\msvcp140.dll
0x00007ff862390000 - 0x00007ff862f70000 	C:\Program Files\Java\jdk-17\bin\server\jvm.dll
0x00007ff89d850000 - 0x00007ff89d858000 	C:\Windows\System32\PSAPI.DLL
0x00007ff895540000 - 0x00007ff895549000 	C:\Windows\SYSTEM32\WSOCK32.dll
0x00007ff887db0000 - 0x00007ff887dd7000 	C:\Windows\SYSTEM32\WINMM.dll
0x00007ff89c6b0000 - 0x00007ff89c71b000 	C:\Windows\System32\WS2_32.dll
0x00007ff89a0b0000 - 0x00007ff89a0c2000 	C:\Windows\SYSTEM32\kernel.appcore.dll
0x00007ff888450000 - 0x00007ff88845a000 	C:\Program Files\Java\jdk-17\bin\jimage.dll
0x00007ff887de0000 - 0x00007ff887fe1000 	C:\Windows\SYSTEM32\DBGHELP.DLL
0x00007ff884960000 - 0x00007ff884994000 	C:\Windows\SYSTEM32\dbgcore.DLL
0x00007ff89bc80000 - 0x00007ff89bd02000 	C:\Windows\System32\bcryptPrimitives.dll
0x00007ff888420000 - 0x00007ff888445000 	C:\Program Files\Java\jdk-17\bin\java.dll
0x00007ff878a90000 - 0x00007ff878b67000 	C:\Program Files\Java\jdk-17\bin\jsvml.dll
0x00007ff89ccb0000 - 0x00007ff89d420000 	C:\Windows\System32\SHELL32.dll
0x00007ff899730000 - 0x00007ff899ed5000 	C:\Windows\SYSTEM32\windows.storage.dll
0x00007ff89dd90000 - 0x00007ff89e0e4000 	C:\Windows\System32\combase.dll
0x00007ff89b1f0000 - 0x00007ff89b21b000 	C:\Windows\SYSTEM32\Wldp.dll
0x00007ff89dcc0000 - 0x00007ff89dd8d000 	C:\Windows\System32\OLEAUT32.dll
0x00007ff89da60000 - 0x00007ff89db0d000 	C:\Windows\System32\SHCORE.dll
0x00007ff89c650000 - 0x00007ff89c6ab000 	C:\Windows\System32\shlwapi.dll
0x00007ff89b7d0000 - 0x00007ff89b7f4000 	C:\Windows\SYSTEM32\profapi.dll

dbghelp: loaded successfully - version: 4.0.5 - missing functions: none
symbol engine: initialized successfully - sym options: 0x614 - pdb path: .;C:\Program Files\Java\jdk-17\bin;C:\Windows\SYSTEM32;C:\Windows\WinSxS\amd64_microsoft.windows.common-controls_6595b64144ccf1df_6.0.19041.6456_none_60b8a6cb71f64256;C:\Program Files\Java\jdk-17\bin\server

VM Arguments:
java_command: CounterLoop
java_class_path (initial): .
Launcher Type: SUN_STANDARD

[Global flags]
     intx CICompilerCount                          = 3                                         {product} {ergonomic}
     uint ConcGCThreads                            = 1                                         {product} {ergonomic}
     uint G1ConcRefinementThreads                  = 4                                         {product} {ergonomic}
   size_t G1HeapRegionSize                         = 1048576                                   {product} {ergonomic}
    uintx GCDrainStackTargetSize                   = 64                                        {product} {ergonomic}
   size_t InitialHeapSize                          = 67108864                                  {product} {ergonomic}
   size_t MarkStackSize                            = 4194304                                   {product} {ergonomic}
   size_t MaxHeapSize                              = 1048576000                                {product} {ergonomic}
   size_t MaxNewSize                               = 629145600                                 {product} {ergonomic}
   size_t MinHeapDeltaBytes                        = 1048576                                   {product} {ergonomic}
   size_t MinHeapSize                              = 8388608                                   {product} {ergonomic}
    uintx NonNMethodCodeHeapSize                   = 5832780                                {pd product} {ergonomic}
    uintx NonProfiledCodeHeapSize                  = 122912730                              {pd product} {ergonomic}
    uintx ProfiledCodeHeapSize                     = 122912730                              {pd product} {ergonomic}
    uintx ReservedCodeCacheSize                    = 251658240                              {pd product} {ergonomic}
     bool SegmentedCodeCache                       = true                                      {product} {ergonomic}
   size_t SoftMaxHeapSize                          = 1048576000                             {manageable} {ergonomic}
     bool UseCompressedClassPointers               = true                           {product lp64_product} {ergonomic}
     bool UseCompressedOops                        = true                           {product lp64_product} {ergonomic}
     bool UseG1GC                                  = true                                      {product} {ergonomic}
     bool UseLargePagesIndividualAllocation        = false                                  {pd product} {ergonomic}

Logging:
Log output configuration:
 #0: stdout all=warning uptime,level,tags
 #1: stderr all=off uptime,level,tags

Environment Variables:
PATH=C:\Program Files\Common Files\Oracle\Java\javapath;C:\Program Files (x86)\Intel\iCLS Client\;C:\Program Files\Intel\iCLS Client\;C:\Windows\system32;C:\Windows;C:\Windows\System32\Wbem;C:\Windows\System32\WindowsPowerShell\v1.0\;C:\Windows\System32\OpenSSH\;C:\Program Files\Git\cmd;C:\Program Files\nodejs\;C:\ProgramData\chocolatey\bin;C:\Users\WINDOWS\AppData\Local\Microsoft\WindowsApps;C:\Users\WINDOWS\AppData\Roaming\npm;C:\Users\WINDOWS\AppData\Local\Programs\Microsoft VS Code\bin
USERNAME=WINDOWS
OS=Windows_NT
PROCESSOR_IDENTIFIER=Intel64 Family 6 Model 61 Stepping 4, GenuineIntel



---------------  S Y S T E M  ---------------

OS:
 Windows 10 , 64 bit Build 19041 (10.0.19041.5915)
OS uptime: 0 days 0:31 hours

CPU: total 4 (initial active 4) (2 cores per cpu, 2 threads per core) family 6 model 61 stepping 4 microcode 0x2f, cx8, cmov, fxsr, ht, mmx, 3dnowpref, sse, sse2, sse3, ssse3, sse4.1, sse4.2, popcnt, lzcnt, tsc, tscinvbit, avx, avx2, aes, erms, clmul, bmi1, bmi2, adx, fma, vzeroupper, clflush

Memory: 4k page, system-wide physical 3998M (661M free)
TotalPageFile size 8870M (AvailPageFile size 0M)
current process WorkingSet (physical memory assigned to process): 59M, peak: 69M
current process commit charge ("private bytes"): 135M, peak: 138M

vm_info: Java HotSpot(TM) 64-Bit Server VM (17.0.12+8-LTS-286) for windows-amd64 JRE (17.0.12+8-LTS-286), built on Jun  5 2024 06:46:59 by "mach5one" with MS VC++ 17.6 (VS2022)

END.
